Traffic_Light_FSM.c:10:6:init_led	8	static
Traffic_Light_FSM.c:13:6:turnOffAllLED	8	static
Traffic_Light_FSM.c:19:6:turnOnRed1	8	static
Traffic_Light_FSM.c:24:6:turnOnAmber1	8	static
Traffic_Light_FSM.c:30:6:turnOnGreen1	8	static
Traffic_Light_FSM.c:34:6:turnOnRed2	8	static
Traffic_Light_FSM.c:39:6:turnOnAmber2	8	static
Traffic_Light_FSM.c:45:6:turnOnGreen2	8	static
Traffic_Light_FSM.c:50:6:blinkyRed	8	static
Traffic_Light_FSM.c:60:6:blinkyAmber	8	static
Traffic_Light_FSM.c:72:6:blinkyGreen	8	static
Traffic_Light_FSM.c:84:6:clearRoadLed	8	static
